
> jaideeandko@0.1.0 build
> next build

▲ Next.js 16.1.6 (Turbopack)

  Creating an optimized production build ...
✓ Compiled successfully in 2.5s
  Running TypeScript ...
  Collecting page data using 15 workers ...


Hygraph errors: [
  {
    message: 'not allowed',
    extensions: { code: '403', path: [Array] }
  }
]

> Build error occurred
Error: Page "/blog/[slug]" is missing "generateStaticParams()" so it cannot be used with "output: export" config.
    at ignore-listed frames
