
> jaideeandko@0.1.0 build
> next build

Γû▓ Next.js 16.1.6 (Turbopack)

  Creating an optimized production build ...
Γ£ô Compiled successfully in 2.7s
  Running TypeScript ...
  Collecting page data using 15 workers ...
node.exe : Hygraph errors: 
[
At 
C:\nvm4w\nodejs\npm.ps1:29 
char:3
+   & $NODE_EXE 
$NPM_CLI_JS $args
+   ~~~~~~~~~~~~~~~~~~~~~~~
~~~~~~
    + CategoryInfo         
     : NotSpecified: (Hyg  
  raph errors: [:String)   
  [], RemoteException
    + FullyQualifiedErrorI 
   d : NativeCommandError
 
  {
    message: 'not allowed',
    extensions: { code: 
'403', path: [Array] }
  }
]

> Build error occurred
Error: Page "/blog/[slug]" 
is missing 
"generateStaticParams()" 
so it cannot be used with 
"output: export" config.
    at ignore-listed frames
